// Vitest Snapshot v1, https://vitest.dev/guide/snapshot.html

exports[`BetaBadge > matches snapshot 1`] = `
<span
  class="items-center px-2 py-0.5 rounded-full text-xs font-medium bg-yellow-100 text-yellow-800"
>
  Beta
</span>
`;
