// Vitest Snapshot v1, https://vitest.dev/guide/snapshot.html

exports[`EmptyState > matches snapshot 1`] = `
<div
  class="flex h-[88%] items-center justify-center"
>
  <div
    class="mx-auto flex flex-col px-3"
  >
    <div
      class="text-center text-3xl font-thin text-gray-800 dark:text-gray-100"
    >
      <div
        class="flex flex-col items-center"
      >
        <div
          class="flex flex-row justify-center items-end"
        >
          <div
            class="flex-shrink-0 flex flex-col items-center"
          >
            <img
              alt="MSF Logo"
              src="/public/international_logo_black.png"
              style="max-width: 150px; max-height: 150px;"
            />
          </div>
        </div>
        <div
          class="mt-8 flex justify-center w-full"
        >
          <div
            class="hidden sm:flex space-x-5"
          >
            <button
              class="bg-transparent text-black dark:text-white border border-[#E0E0E0] dark:border-[#444444] rounded-md px-2 py-1 text-sm hover:bg-[#F9F9F9] dark:hover:bg-[#2F2F2F] dark:hover:text-white transition"
              style="width: 200px; height: 100px; text-align: start; white-space: normal; display: flex; flex-direction: column; align-items: start; justify-content: center; padding: 30px;"
            >
              <div
                class="flex flex-col items-start"
              >
                <svg
                  class="tabler-icon tabler-icon-language h-5 w-5 mb-2"
                  fill="none"
                  height="24"
                  stroke="currentColor"
                  stroke-linecap="round"
                  stroke-linejoin="round"
                  stroke-width="2"
                  viewBox="0 0 24 24"
                  width="24"
                  xmlns="http://www.w3.org/2000/svg"
                >
                  <path
                    d="M9 6.371c0 4.418 -2.239 6.629 -5 6.629"
                  />
                  <path
                    d="M4 6.371h7"
                  />
                  <path
                    d="M5 9c0 2.144 2.252 3.908 6 4"
                  />
                  <path
                    d="M12 20l4 -9l4 9"
                  />
                  <path
                    d="M19.1 18h-6.2"
                  />
                  <path
                    d="M6.694 3l.793 .582"
                  />
                </svg>
                <div>
                  <span>
                    Translate Something
                  </span>
                </div>
              </div>
            </button>
            <button
              class="bg-transparent text-black dark:text-white border border-[#E0E0E0] dark:border-[#444444] rounded-md px-2 py-1 text-sm hover:bg-[#F9F9F9] dark:hover:bg-[#2F2F2F] dark:hover:text-white transition"
              style="width: 200px; height: 100px; text-align: start; white-space: normal; display: flex; flex-direction: column; align-items: start; justify-content: center; padding: 30px;"
            >
              <div
                class="flex flex-col items-start"
              >
                <svg
                  class="tabler-icon tabler-icon-mail h-5 w-5 mb-2"
                  fill="none"
                  height="24"
                  stroke="currentColor"
                  stroke-linecap="round"
                  stroke-linejoin="round"
                  stroke-width="2"
                  viewBox="0 0 24 24"
                  width="24"
                  xmlns="http://www.w3.org/2000/svg"
                >
                  <path
                    d="M3 7a2 2 0 0 1 2 -2h14a2 2 0 0 1 2 2v10a2 2 0 0 1 -2 2h-14a2 2 0 0 1 -2 -2v-10z"
                  />
                  <path
                    d="M3 7l9 6l9 -6"
                  />
                </svg>
                <div>
                  <span>
                    Draft an Email
                  </span>
                </div>
              </div>
            </button>
            <button
              class="bg-transparent text-black dark:text-white border border-[#E0E0E0] dark:border-[#444444] rounded-md px-2 py-1 text-sm hover:bg-[#F9F9F9] dark:hover:bg-[#2F2F2F] dark:hover:text-white transition"
              style="width: 200px; height: 100px; text-align: start; white-space: normal; display: flex; flex-direction: column; align-items: start; justify-content: center; padding: 30px;"
            >
              <div
                class="flex flex-col items-start"
              >
                <svg
                  class="tabler-icon tabler-icon-bulb h-5 w-5 mb-2"
                  fill="none"
                  height="24"
                  stroke="currentColor"
                  stroke-linecap="round"
                  stroke-linejoin="round"
                  stroke-width="2"
                  viewBox="0 0 24 24"
                  width="24"
                  xmlns="http://www.w3.org/2000/svg"
                >
                  <path
                    d="M3 12h1m8 -9v1m8 8h1m-15.4 -6.4l.7 .7m12.1 -.7l-.7 .7"
                  />
                  <path
                    d="M9 16a5 5 0 1 1 6 0a3.5 3.5 0 0 0 -1 3a2 2 0 0 1 -4 0a3.5 3.5 0 0 0 -1 -3"
                  />
                  <path
                    d="M9.7 17l4.6 0"
                  />
                </svg>
                <div>
                  <span>
                    Brainstorm Ideas
                  </span>
                </div>
              </div>
            </button>
          </div>
        </div>
      </div>
    </div>
  </div>
</div>
`;
