// Vitest Snapshot v1, https://vitest.dev/guide/snapshot.html

exports[`LoadingScreen > matches snapshot 1`] = `
<div
  class="flex h-full w-full items-center justify-center bg-white dark:bg-[#212121]"
>
  <div
    class="flex flex-col items-center space-y-4"
  >
    <div
      class="flex space-x-2"
    >
      <div
        class="h-3 w-3 animate-bounce rounded-full bg-gray-500 dark:bg-gray-400"
        style="animation-delay: 0ms;"
      />
      <div
        class="h-3 w-3 animate-bounce rounded-full bg-gray-500 dark:bg-gray-400"
        style="animation-delay: 150ms;"
      />
      <div
        class="h-3 w-3 animate-bounce rounded-full bg-gray-500 dark:bg-gray-400"
        style="animation-delay: 300ms;"
      />
    </div>
  </div>
</div>
`;
